// Jest Snapshot v1, https://goo.gl/fbAQLP

exports[`fixtures: attr-duplication.html 1`] = `
Array [
  Object {
    "col": 19,
    "line": 1,
    "message": "Duplicate attribute name",
    "raw": "[type]",
    "ruleId": "attr-duplication",
    "severity": "error",
  },
  Object {
    "col": 39,
    "line": 1,
    "message": "Duplicate attribute name",
    "raw": "[attr.type]",
    "ruleId": "attr-duplication",
    "severity": "error",
  },
]
`;

exports[`fixtures: deprecated-element.html 1`] = `
Array [
  Object {
    "col": 1,
    "line": 1,
    "message": "Element is deprecated",
    "raw": "<font color=\\"red\\">",
    "ruleId": "deprecated-element",
    "severity": "error",
  },
]
`;
